2026-06-23 01:17:59 - root - INFO - Logging to file: logs/trading_bot_abbyyy.log
2026-06-23 01:17:59 - __main__ - INFO - ============================================================
2026-06-23 01:17:59 - __main__ - INFO - 🚀 Starting Binance Trading Bot - 2026-06-23 01:17:59
2026-06-23 01:17:59 - __main__ - INFO - 📊 Symbol: BTCUSDT
2026-06-23 01:17:59 - __main__ - INFO - 💰 Total Capital: $1000
2026-06-23 01:17:59 - __main__ - INFO - 🎯 Base Position: $100
2026-06-23 01:17:59 - __main__ - INFO - 🧪 Testnet Mode: True
2026-06-23 01:17:59 - __main__ - INFO - ============================================================
2026-06-23 01:18:00 - binance_client.rest_client - INFO - Binance client initialized. Testnet mode: True
2026-06-23 01:18:00 - binance_client.rest_client - INFO - API connection successful
2026-06-23 01:18:01 - binance_client.rest_client - ERROR - API Error: APIError(code=-2014): API-key format invalid.
2026-06-23 01:18:01 - binance_client.rest_client - ERROR - Error code: -2014
2026-06-23 01:18:01 - binance_client.rest_client - ERROR - Error message: API-key format invalid.
2026-06-23 01:18:01 - binance_client.rest_client - ERROR - Failed to initialize Binance client: APIError(code=-2014): API-key format invalid.
2026-06-23 01:18:01 - __main__ - ERROR - ❌ Initialization failed: APIError(code=-2014): API-key format invalid.
2026-06-23 01:18:01 - __main__ - ERROR - Failed to initialize bot. Exiting.
2026-06-23 01:18:22 - root - INFO - Logging to file: logs/trading_bot_abbyyy.log
2026-06-23 01:18:22 - __main__ - INFO - ============================================================
2026-06-23 01:18:22 - __main__ - INFO - 🚀 Starting Binance Trading Bot - 2026-06-23 01:18:22
2026-06-23 01:18:22 - __main__ - INFO - 📊 Symbol: BTCUSDT
2026-06-23 01:18:22 - __main__ - INFO - 💰 Total Capital: $1000
2026-06-23 01:18:22 - __main__ - INFO - 🎯 Base Position: $100
2026-06-23 01:18:22 - __main__ - INFO - 🧪 Testnet Mode: True
2026-06-23 01:18:22 - __main__ - INFO - ============================================================
2026-06-23 01:18:22 - binance_client.rest_client - INFO - Binance client initialized. Testnet mode: True
2026-06-23 01:18:23 - binance_client.rest_client - INFO - API connection successful
2026-06-23 01:18:23 - binance_client.rest_client - ERROR - API Error: APIError(code=-2014): API-key format invalid.
2026-06-23 01:18:23 - binance_client.rest_client - ERROR - Error code: -2014
2026-06-23 01:18:23 - binance_client.rest_client - ERROR - Error message: API-key format invalid.
2026-06-23 01:18:23 - binance_client.rest_client - ERROR - Failed to initialize Binance client: APIError(code=-2014): API-key format invalid.
2026-06-23 01:18:23 - __main__ - ERROR - ❌ Initialization failed: APIError(code=-2014): API-key format invalid.
2026-06-23 01:18:23 - __main__ - ERROR - Failed to initialize bot. Exiting.
2026-06-23 01:19:01 - root - INFO - Logging to file: logs/trading_bot_abbyyy.log
2026-06-23 01:19:01 - __main__ - INFO - ============================================================
2026-06-23 01:19:01 - __main__ - INFO - 🚀 Starting Binance Trading Bot - 2026-06-23 01:19:01
2026-06-23 01:19:01 - __main__ - INFO - 📊 Symbol: BTCUSDT
2026-06-23 01:19:01 - __main__ - INFO - 💰 Total Capital: $1000
2026-06-23 01:19:01 - __main__ - INFO - 🎯 Base Position: $100
2026-06-23 01:19:01 - __main__ - INFO - 🧪 Testnet Mode: True
2026-06-23 01:19:01 - __main__ - INFO - ============================================================
2026-06-23 01:19:01 - binance_client.rest_client - INFO - Binance client initialized. Testnet mode: True
2026-06-23 01:19:02 - binance_client.rest_client - INFO - API connection successful
2026-06-23 01:19:02 - binance_client.rest_client - ERROR - API Error: APIError(code=-2014): API-key format invalid.
2026-06-23 01:19:02 - binance_client.rest_client - ERROR - Error code: -2014
2026-06-23 01:19:02 - binance_client.rest_client - ERROR - Error message: API-key format invalid.
2026-06-23 01:19:02 - binance_client.rest_client - ERROR - Failed to initialize Binance client: APIError(code=-2014): API-key format invalid.
2026-06-23 01:19:02 - __main__ - ERROR - ❌ Initialization failed: APIError(code=-2014): API-key format invalid.
2026-06-23 01:19:02 - __main__ - ERROR - Failed to initialize bot. Exiting.
